// Jest Snapshot v1, https://goo.gl/fbAQLP

exports[`<MonthPicker /> should match snapshot 1`] = `
<DocumentFragment>
  <div
    class="month-picker"
  >
    <button
      class="month is-today"
      data-testid="month"
      type="button"
      value="2020-01-01T00:00:00.000Z"
    >
      Jan
    </button>
    <button
      class="month"
      data-testid="month"
      type="button"
      value="2020-02-01T00:00:00.000Z"
    >
      Feb
    </button>
    <button
      class="month"
      data-testid="month"
      type="button"
      value="2020-03-01T00:00:00.000Z"
    >
      Mar
    </button>
    <button
      class="month"
      data-testid="month"
      type="button"
      value="2020-03-31T23:00:00.000Z"
    >
      Apr
    </button>
    <button
      class="month"
      data-testid="month"
      type="button"
      value="2020-04-30T23:00:00.000Z"
    >
      May
    </button>
    <button
      class="month"
      data-testid="month"
      type="button"
      value="2020-05-31T23:00:00.000Z"
    >
      Jun
    </button>
    <button
      class="month"
      data-testid="month"
      type="button"
      value="2020-06-30T23:00:00.000Z"
    >
      Jul
    </button>
    <button
      class="month"
      data-testid="month"
      type="button"
      value="2020-07-31T23:00:00.000Z"
    >
      Aug
    </button>
    <button
      class="month"
      data-testid="month"
      type="button"
      value="2020-08-31T23:00:00.000Z"
    >
      Sep
    </button>
    <button
      class="month"
      data-testid="month"
      type="button"
      value="2020-09-30T23:00:00.000Z"
    >
      Oct
    </button>
    <button
      class="month"
      data-testid="month"
      type="button"
      value="2020-11-01T00:00:00.000Z"
    >
      Nov
    </button>
    <button
      class="month"
      data-testid="month"
      type="button"
      value="2020-12-01T00:00:00.000Z"
    >
      Dec
    </button>
  </div>
</DocumentFragment>
`;
