// Jest Snapshot v1, https://goo.gl/fbAQLP

exports[`<Switch /> should match snapshot 1`] = `
<DocumentFragment>
  <div
    class="switch"
  >
    <button
      class="range-switch"
      data-testid="range-switch"
      value="-1"
    >
      <span>
        ❮
      </span>
    </button>
    <button
      class="view-switch"
      data-testid="view-switch"
    >
      January 2020
    </button>
    <button
      class="range-switch"
      data-testid="range-switch"
      value="1"
    >
      <span>
        ❯
      </span>
    </button>
  </div>
</DocumentFragment>
`;
