// Jest Snapshot v1, https://goo.gl/fbAQLP

exports[`<WeekDays /> should match snapshot 1`] = `
<DocumentFragment>
  <div
    class="week-days"
  >
    <span
      class="week-day"
      data-testid="week-day"
    >
      Sun
    </span>
    <span
      class="week-day"
      data-testid="week-day"
    >
      Mon
    </span>
    <span
      class="week-day"
      data-testid="week-day"
    >
      Tue
    </span>
    <span
      class="week-day"
      data-testid="week-day"
    >
      Wed
    </span>
    <span
      class="week-day"
      data-testid="week-day"
    >
      Thu
    </span>
    <span
      class="week-day"
      data-testid="week-day"
    >
      Fri
    </span>
    <span
      class="week-day"
      data-testid="week-day"
    >
      Sat
    </span>
  </div>
</DocumentFragment>
`;
